###############################################################################
#
# IAR ELF Linker V9.20.2.320/W64 for ARM                  24/Feb/2022  18:30:03
# Copyright 2007-2021 IAR Systems AB.
#
#    Output file  =
#        D:\source\repos\Embedded\embedded_programming\Lesson10\Debug\Exe\project.out
#    Map file     =
#        D:\source\repos\Embedded\embedded_programming\Lesson10\Debug\List\project.map
#    Command line =
#        -f
#        D:\source\repos\Embedded\embedded_programming\Lesson10\Debug\Exe\project.out.rsp
#        (D:\source\repos\Embedded\embedded_programming\Lesson10\Debug\Obj\delay.o
#        D:\source\repos\Embedded\embedded_programming\Lesson10\Debug\Obj\main.o
#        --no_out_extension -o
#        D:\source\repos\Embedded\embedded_programming\Lesson10\Debug\Exe\project.out
#        --redirect _Printf=_PrintfFullNoMb --redirect _Scanf=_ScanfFullNoMb
#        --map
#        D:\source\repos\Embedded\embedded_programming\Lesson10\Debug\List\project.map
#        --config
#        D:\source\repos\Embedded\embedded_programming\Lesson10\project.icf
#        --semihosting
#        D:\ti\TivaWare_C_Series-2.2.0.295\usblib\ewarm\Exe\usblib.a
#        D:\ti\TivaWare_C_Series-2.2.0.295\driverlib\ewarm\Exe\driverlib.a
#        D:\ti\TivaWare_C_Series-2.2.0.295\grlib\ewarm\Exe\grlib.a --entry
#        __iar_program_start --vfe --text_out locale)
#
###############################################################################

*******************************************************************************
*** RUNTIME MODEL ATTRIBUTES
***

CppFlavor       = *
__CPP_Runtime   = 1
__SystemLibrary = DLib
__dlib_version  = 6


*******************************************************************************
*** HEAP SELECTION
***

The basic heap was selected because some modules are built with
size limitations (and not runtime checking), and --advanced_heap
was not specified.


*******************************************************************************
*** PLACEMENT SUMMARY
***

"A0":  place at address 0x0 { ro section .intvec };
"P1":  place in [from 0x0 to 0x3'ffff] { ro };
define block CSTACK with size = 1K, alignment = 8 { };
define block HEAP with size = 0, alignment = 8 { };
"P2":  place in [from 0x2000'0000 to 0x2000'7fff] {
          rw, block CSTACK, block HEAP };

No sections matched the following patterns:

  rw  in "P2"


  Section   Kind         Address   Size  Object
  -------   ----         -------   ----  ------
"A0":                              0x40
  .intvec   ro code          0x0   0x40  vector_table_M.o [4]
                          - 0x40   0x40

"P1":                             0x13c
  .text     ro code         0x40   0xaa  main.o [1]
  .text     ro code         0xea    0xa  delay.o [1]
  .text     ro code         0xf4   0x22  fpinit_M.o [3]
  .text     ro code        0x116    0x2  vectortrap_M.o [4]
  .text     ro code        0x118   0x1e  cmain.o [4]
  .text     ro code        0x136    0x4  low_level_init.o [2]
  .text     ro code        0x13a    0x4  exit.o [2]
  .text     ro code        0x140    0xa  cexit.o [4]
  .text     ro code        0x14c   0x14  exit.o [5]
  .text     ro code        0x160   0x1c  cstartup_M.o [4]
                         - 0x17c  0x13c

"P2":                             0x400
  CSTACK             0x2000'0000  0x400  <Block>
    CSTACK  uninit   0x2000'0000  0x400  <Block tail>
                   - 0x2000'0400  0x400

Unused ranges:

         From           To      Size
         ----           --      ----
        0x17c     0x3'ffff  0x3'fe84
  0x2000'0400  0x2000'7fff    0x7c00



*******************************************************************************
*** MODULE SUMMARY
***

    Module            ro code  rw data
    ------            -------  -------
command line/config:
    ----------------------------------
    Total:

D:\source\repos\Embedded\embedded_programming\Lesson10\Debug\Obj: [1]
    delay.o                10
    main.o                170
    ----------------------------------
    Total:                180

dl7M_tln.a: [2]
    exit.o                  4
    low_level_init.o        4
    ----------------------------------
    Total:                  8

m7M_tls.a: [3]
    fpinit_M.o             34
    ----------------------------------
    Total:                 34

rt7M_tl.a: [4]
    cexit.o                10
    cmain.o                30
    cstartup_M.o           28
    vector_table_M.o       64
    vectortrap_M.o          2
    ----------------------------------
    Total:                134

shb_l.a: [5]
    exit.o                 20
    ----------------------------------
    Total:                 20

    Gaps                    4
    Linker created               1'024
--------------------------------------
    Grand Total:          380    1'024


*******************************************************************************
*** ENTRY LIST
***

Entry                     Address  Size  Type      Object
-----                     -------  ----  ----      ------
?main                       0x119        Code  Gb  cmain.o [4]
BusFault_Handler            0x117        Code  Wk  vectortrap_M.o [4]
CSTACK$$Base          0x2000'0000         --   Gb  - Linker created -
CSTACK$$Limit         0x2000'0400         --   Gb  - Linker created -
DebugMon_Handler            0x117        Code  Wk  vectortrap_M.o [4]
HardFault_Handler           0x117        Code  Wk  vectortrap_M.o [4]
MemManage_Handler           0x117        Code  Wk  vectortrap_M.o [4]
NMI_Handler                 0x117        Code  Wk  vectortrap_M.o [4]
PendSV_Handler              0x117        Code  Wk  vectortrap_M.o [4]
Region$$Table$$Base           0x0         --   Gb  - Linker created -
Region$$Table$$Limit          0x0         --   Gb  - Linker created -
SVC_Handler                 0x117        Code  Wk  vectortrap_M.o [4]
SysTick_Handler             0x117        Code  Wk  vectortrap_M.o [4]
UsageFault_Handler          0x117        Code  Wk  vectortrap_M.o [4]
__cmain                     0x119        Code  Gb  cmain.o [4]
__exit                      0x14d  0x14  Code  Gb  exit.o [5]
__iar_init_vfp               0xf5        Code  Gb  fpinit_M.o [3]
__iar_program_start         0x161        Code  Gb  cstartup_M.o [4]
__low_level_init            0x137   0x4  Code  Gb  low_level_init.o [2]
__vector_table                0x0        Data  Gb  vector_table_M.o [4]
_call_main                  0x125        Code  Gb  cmain.o [4]
_exit                       0x141        Code  Gb  cexit.o [4]
delayLoop                    0xeb   0xa  Code  Gb  delay.o [1]
exit                        0x13b   0x4  Code  Gb  exit.o [2]
fact                         0xc5  0x26  Code  Gb  main.o [1]
main                         0x41  0x64  Code  Gb  main.o [1]


[1] = D:\source\repos\Embedded\embedded_programming\Lesson10\Debug\Obj
[2] = dl7M_tln.a
[3] = m7M_tls.a
[4] = rt7M_tl.a
[5] = shb_l.a

    380 bytes of readonly  code memory
  1'024 bytes of readwrite data memory

Errors: none
Warnings: none
