###############################################################################
#
# IAR ELF Linker V9.20.2.320/W64 for ARM                  05/Mar/2022  12:06:31
# Copyright 2007-2021 IAR Systems AB.
#
#    Output file  =
#        D:\source\repos\Embedded\embedded_programming\Lesson12\Debug\Exe\project.out
#    Map file     =
#        D:\source\repos\Embedded\embedded_programming\Lesson12\Debug\List\project.map
#    Command line =
#        -f
#        D:\source\repos\Embedded\embedded_programming\Lesson12\Debug\Exe\project.out.rsp
#        (D:\source\repos\Embedded\embedded_programming\Lesson12\Debug\Obj\delay.o
#        D:\source\repos\Embedded\embedded_programming\Lesson12\Debug\Obj\main.o
#        --no_out_extension -o
#        D:\source\repos\Embedded\embedded_programming\Lesson12\Debug\Exe\project.out
#        --redirect _Printf=_PrintfFullNoMb --redirect _Scanf=_ScanfFullNoMb
#        --map
#        D:\source\repos\Embedded\embedded_programming\Lesson12\Debug\List\project.map
#        --config
#        D:\source\repos\Embedded\embedded_programming\Lesson10\project.icf
#        --semihosting
#        D:\ti\TivaWare_C_Series-2.2.0.295\usblib\ewarm\Exe\usblib.a
#        D:\ti\TivaWare_C_Series-2.2.0.295\driverlib\ewarm\Exe\driverlib.a
#        D:\ti\TivaWare_C_Series-2.2.0.295\grlib\ewarm\Exe\grlib.a --entry
#        __iar_program_start --vfe --text_out locale)
#
###############################################################################

*******************************************************************************
*** RUNTIME MODEL ATTRIBUTES
***

CppFlavor       = *
__CPP_Runtime   = 1
__SystemLibrary = DLib
__dlib_version  = 6


*******************************************************************************
*** HEAP SELECTION
***

The basic heap was selected because some modules are built with
size limitations (and not runtime checking), and --advanced_heap
was not specified.


*******************************************************************************
*** PLACEMENT SUMMARY
***

"A0":  place at address 0x0 { ro section .intvec };
"P1":  place in [from 0x0 to 0x3'ffff] { ro };
define block CSTACK with size = 1K, alignment = 8 { };
define block HEAP with size = 0, alignment = 8 { };
"P2":  place in [from 0x2000'0000 to 0x2000'7fff] {
          rw, block CSTACK, block HEAP };

  Section          Kind         Address   Size  Object
  -------          ----         -------   ----  ------
"A0":                                     0x40
  .intvec          ro code          0x0   0x40  vector_table_M.o [4]
                                 - 0x40   0x40

"P1":                                    0x1c8
  .text            ro code         0x40   0xbc  main.o [1]
  .text            ro code         0xfc   0x10  delay.o [1]
  .text            ro code        0x10c   0x38  zero_init3.o [4]
  .text            ro code        0x144   0x28  data_init.o [4]
  .text            ro code        0x16c   0x22  fpinit_M.o [3]
  .iar.init_table  const          0x190   0x10  - Linker created -
  .text            ro code        0x1a0    0x2  vectortrap_M.o [4]
  .text            ro code        0x1a4   0x1e  cmain.o [4]
  .text            ro code        0x1c2    0x4  low_level_init.o [2]
  .text            ro code        0x1c6    0x4  exit.o [2]
  .text            ro code        0x1cc    0xa  cexit.o [4]
  .text            ro code        0x1d8   0x14  exit.o [5]
  .text            ro code        0x1ec   0x1c  cstartup_M.o [4]
  .rodata          const          0x208    0x0  zero_init3.o [4]
                                - 0x208  0x1c8

"P2", part 1 of 2:                        0x24
  .bss             zero     0x2000'0000    0xc  main.o [1]
  .bss             zero     0x2000'000c    0x8  main.o [1]
  .bss             zero     0x2000'0014    0x8  main.o [1]
  .bss             zero     0x2000'001c    0x4  main.o [1]
  .bss             zero     0x2000'0020    0x4  main.o [1]
                          - 0x2000'0024   0x24

"P2", part 2 of 2:                       0x400
  CSTACK                    0x2000'0028  0x400  <Block>
    CSTACK         uninit   0x2000'0028  0x400  <Block tail>
                          - 0x2000'0428  0x400

Unused ranges:

         From           To      Size
         ----           --      ----
        0x208     0x3'ffff  0x3'fdf8
  0x2000'0024  0x2000'0027       0x4
  0x2000'0428  0x2000'7fff    0x7bd8


*******************************************************************************
*** INIT TABLE
***

          Address      Size
          -------      ----
Zero (__iar_zero_init3)
    1 destination range, total size 0x24:
          0x2000'0000  0x24



*******************************************************************************
*** MODULE SUMMARY
***

    Module            ro code  ro data  rw data
    ------            -------  -------  -------
command line/config:
    -------------------------------------------
    Total:

D:\source\repos\Embedded\embedded_programming\Lesson12\Debug\Obj: [1]
    delay.o                16
    main.o                188                36
    -------------------------------------------
    Total:                204                36

dl7M_tln.a: [2]
    exit.o                  4
    low_level_init.o        4
    -------------------------------------------
    Total:                  8

m7M_tls.a: [3]
    fpinit_M.o             34
    -------------------------------------------
    Total:                 34

rt7M_tl.a: [4]
    cexit.o                10
    cmain.o                30
    cstartup_M.o           28
    data_init.o            40
    vector_table_M.o       64
    vectortrap_M.o          2
    zero_init3.o           56
    -------------------------------------------
    Total:                230

shb_l.a: [5]
    exit.o                 20
    -------------------------------------------
    Total:                 20

    Gaps                    6        2
    Linker created                  16    1'024
-----------------------------------------------
    Grand Total:          502       18    1'060


*******************************************************************************
*** ENTRY LIST
***

Entry                       Address  Size  Type      Object
-----                       -------  ----  ----      ------
.iar.init_table$$Base         0x190         --   Gb  - Linker created -
.iar.init_table$$Limit        0x1a0         --   Gb  - Linker created -
?main                         0x1a5        Code  Gb  cmain.o [4]
BusFault_Handler              0x1a1        Code  Wk  vectortrap_M.o [4]
CSTACK$$Base            0x2000'0028         --   Gb  - Linker created -
CSTACK$$Limit           0x2000'0428         --   Gb  - Linker created -
DebugMon_Handler              0x1a1        Code  Wk  vectortrap_M.o [4]
HardFault_Handler             0x1a1        Code  Wk  vectortrap_M.o [4]
MemManage_Handler             0x1a1        Code  Wk  vectortrap_M.o [4]
NMI_Handler                   0x1a1        Code  Wk  vectortrap_M.o [4]
PendSV_Handler                0x1a1        Code  Wk  vectortrap_M.o [4]
Region$$Table$$Base           0x190         --   Gb  - Linker created -
Region$$Table$$Limit          0x1a0         --   Gb  - Linker created -
SVC_Handler                   0x1a1        Code  Wk  vectortrap_M.o [4]
SysTick_Handler               0x1a1        Code  Wk  vectortrap_M.o [4]
UsageFault_Handler            0x1a1        Code  Wk  vectortrap_M.o [4]
__cmain                       0x1a5        Code  Gb  cmain.o [4]
__exit                        0x1d9  0x14  Code  Gb  exit.o [5]
__iar_data_init3              0x145  0x28  Code  Gb  data_init.o [4]
__iar_init_vfp                0x16d        Code  Gb  fpinit_M.o [3]
__iar_program_start           0x1ed        Code  Gb  cstartup_M.o [4]
__iar_zero_init3              0x10d  0x38  Code  Gb  zero_init3.o [4]
__low_level_init              0x1c3   0x4  Code  Gb  low_level_init.o [2]
__vector_table                  0x0        Data  Gb  vector_table_M.o [4]
_call_main                    0x1b1        Code  Gb  cmain.o [4]
_exit                         0x1cd        Code  Gb  cexit.o [4]
delay                          0xfd  0x10  Code  Gb  delay.o [1]
exit                          0x1c7   0x4  Code  Gb  exit.o [2]
main                           0x41  0xbc  Code  Gb  main.o [1]
p1                      0x2000'001c   0x4  Data  Gb  main.o [1]
p2                      0x2000'0020   0x4  Data  Gb  main.o [1]
t                       0x2000'0000   0xc  Data  Gb  main.o [1]
w                       0x2000'000c   0x8  Data  Gb  main.o [1]
w2                      0x2000'0014   0x8  Data  Gb  main.o [1]


[1] = D:\source\repos\Embedded\embedded_programming\Lesson12\Debug\Obj
[2] = dl7M_tln.a
[3] = m7M_tls.a
[4] = rt7M_tl.a
[5] = shb_l.a

    502 bytes of readonly  code memory
     18 bytes of readonly  data memory
  1'060 bytes of readwrite data memory

Errors: none
Warnings: none
