###############################################################################
#
# IAR ELF Linker V9.20.2.320/W64 for ARM                  27/Feb/2022  11:42:56
# Copyright 2007-2021 IAR Systems AB.
#
#    Output file  =
#        D:\source\repos\Embedded\embedded_programming\Lesson11\Debug\Exe\project.out
#    Map file     =
#        D:\source\repos\Embedded\embedded_programming\Lesson11\Debug\List\project.map
#    Command line =
#        -f
#        D:\source\repos\Embedded\embedded_programming\Lesson11\Debug\Exe\project.out.rsp
#        (D:\source\repos\Embedded\embedded_programming\Lesson11\Debug\Obj\delay.o
#        D:\source\repos\Embedded\embedded_programming\Lesson11\Debug\Obj\main.o
#        --no_out_extension -o
#        D:\source\repos\Embedded\embedded_programming\Lesson11\Debug\Exe\project.out
#        --redirect _Printf=_PrintfFullNoMb --redirect _Scanf=_ScanfFullNoMb
#        --map
#        D:\source\repos\Embedded\embedded_programming\Lesson11\Debug\List\project.map
#        --config
#        D:\source\repos\Embedded\embedded_programming\Lesson10\project.icf
#        --semihosting
#        D:\ti\TivaWare_C_Series-2.2.0.295\usblib\ewarm\Exe\usblib.a
#        D:\ti\TivaWare_C_Series-2.2.0.295\driverlib\ewarm\Exe\driverlib.a
#        D:\ti\TivaWare_C_Series-2.2.0.295\grlib\ewarm\Exe\grlib.a --entry
#        __iar_program_start --vfe --text_out locale)
#
###############################################################################

*******************************************************************************
*** RUNTIME MODEL ATTRIBUTES
***

CppFlavor       = *
__CPP_Runtime   = 1
__SystemLibrary = DLib
__dlib_version  = 6


*******************************************************************************
*** HEAP SELECTION
***

The basic heap was selected because some modules are built with
size limitations (and not runtime checking), and --advanced_heap
was not specified.


*******************************************************************************
*** PLACEMENT SUMMARY
***

"A0":  place at address 0x0 { ro section .intvec };
"P1":  place in [from 0x0 to 0x3'ffff] { ro };
define block CSTACK with size = 1K, alignment = 8 { };
define block HEAP with size = 0, alignment = 8 { };
"P2":  place in [from 0x2000'0000 to 0x2000'7fff] {
          rw, block CSTACK, block HEAP };

  Section          Kind         Address   Size  Object
  -------          ----         -------   ----  ------
"A0":                                     0x40
  .intvec          ro code          0x0   0x40  vector_table_M.o [4]
                                 - 0x40   0x40

"P1":                                    0x21c
  .text            ro code         0x40  0x110  main.o [1]
  .text            ro code        0x150   0x10  delay.o [1]
  .text            ro code        0x160   0x38  zero_init3.o [4]
  .text            ro code        0x198   0x28  data_init.o [4]
  .text            ro code        0x1c0   0x22  fpinit_M.o [3]
  .iar.init_table  const          0x1e4   0x10  - Linker created -
  .text            ro code        0x1f4    0x2  vectortrap_M.o [4]
  .text            ro code        0x1f8   0x1e  cmain.o [4]
  .text            ro code        0x216    0x4  low_level_init.o [2]
  .text            ro code        0x21a    0x4  exit.o [2]
  .text            ro code        0x220    0xa  cexit.o [4]
  .text            ro code        0x22c   0x14  exit.o [5]
  .text            ro code        0x240   0x1c  cstartup_M.o [4]
  .rodata          const          0x25c    0x0  zero_init3.o [4]
                                - 0x25c  0x21c

"P2", part 1 of 2:                        0x14
  .bss             zero     0x2000'0000    0x4  main.o [1]
  .bss             zero     0x2000'0004    0x4  main.o [1]
  .bss             zero     0x2000'0008    0x4  main.o [1]
  .bss             zero     0x2000'000c    0x2  main.o [1]
  .bss             zero     0x2000'000e    0x2  main.o [1]
  .bss             zero     0x2000'0010    0x1  main.o [1]
  .bss             zero     0x2000'0011    0x1  main.o [1]
                          - 0x2000'0012   0x12

"P2", part 2 of 2:                       0x400
  CSTACK                    0x2000'0018  0x400  <Block>
    CSTACK         uninit   0x2000'0018  0x400  <Block tail>
                          - 0x2000'0418  0x400

Unused ranges:

         From           To      Size
         ----           --      ----
        0x25c     0x3'ffff  0x3'fda4
  0x2000'0014  0x2000'0017       0x4
  0x2000'0418  0x2000'7fff    0x7be8


*******************************************************************************
*** INIT TABLE
***

          Address      Size
          -------      ----
Zero (__iar_zero_init3)
    1 destination range, total size 0x12:
          0x2000'0000  0x12



*******************************************************************************
*** MODULE SUMMARY
***

    Module            ro code  ro data  rw data
    ------            -------  -------  -------
command line/config:
    -------------------------------------------
    Total:

D:\source\repos\Embedded\embedded_programming\Lesson11\Debug\Obj: [1]
    delay.o                16
    main.o                272                18
    -------------------------------------------
    Total:                288                18

dl7M_tln.a: [2]
    exit.o                  4
    low_level_init.o        4
    -------------------------------------------
    Total:                  8

m7M_tls.a: [3]
    fpinit_M.o             34
    -------------------------------------------
    Total:                 34

rt7M_tl.a: [4]
    cexit.o                10
    cmain.o                30
    cstartup_M.o           28
    data_init.o            40
    vector_table_M.o       64
    vectortrap_M.o          2
    zero_init3.o           56
    -------------------------------------------
    Total:                230

shb_l.a: [5]
    exit.o                 20
    -------------------------------------------
    Total:                 20

    Gaps                    6        2
    Linker created                  16    1'024
-----------------------------------------------
    Grand Total:          586       18    1'042


*******************************************************************************
*** ENTRY LIST
***

Entry                       Address   Size  Type      Object
-----                       -------   ----  ----      ------
.iar.init_table$$Base         0x1e4          --   Gb  - Linker created -
.iar.init_table$$Limit        0x1f4          --   Gb  - Linker created -
?main                         0x1f9         Code  Gb  cmain.o [4]
BusFault_Handler              0x1f5         Code  Wk  vectortrap_M.o [4]
CSTACK$$Base            0x2000'0018          --   Gb  - Linker created -
CSTACK$$Limit           0x2000'0418          --   Gb  - Linker created -
DebugMon_Handler              0x1f5         Code  Wk  vectortrap_M.o [4]
HardFault_Handler             0x1f5         Code  Wk  vectortrap_M.o [4]
MemManage_Handler             0x1f5         Code  Wk  vectortrap_M.o [4]
NMI_Handler                   0x1f5         Code  Wk  vectortrap_M.o [4]
PendSV_Handler                0x1f5         Code  Wk  vectortrap_M.o [4]
Region$$Table$$Base           0x1e4          --   Gb  - Linker created -
Region$$Table$$Limit          0x1f4          --   Gb  - Linker created -
SVC_Handler                   0x1f5         Code  Wk  vectortrap_M.o [4]
SysTick_Handler               0x1f5         Code  Wk  vectortrap_M.o [4]
UsageFault_Handler            0x1f5         Code  Wk  vectortrap_M.o [4]
__cmain                       0x1f9         Code  Gb  cmain.o [4]
__exit                        0x22d   0x14  Code  Gb  exit.o [5]
__iar_data_init3              0x199   0x28  Code  Gb  data_init.o [4]
__iar_init_vfp                0x1c1         Code  Gb  fpinit_M.o [3]
__iar_program_start           0x241         Code  Gb  cstartup_M.o [4]
__iar_zero_init3              0x161   0x38  Code  Gb  zero_init3.o [4]
__low_level_init              0x217    0x4  Code  Gb  low_level_init.o [2]
__vector_table                  0x0         Data  Gb  vector_table_M.o [4]
_call_main                    0x205         Code  Gb  cmain.o [4]
_exit                         0x221         Code  Gb  cexit.o [4]
delay                         0x151   0x10  Code  Gb  delay.o [1]
exit                          0x21b    0x4  Code  Gb  exit.o [2]
main                           0x41  0x110  Code  Gb  main.o [1]
s32                     0x2000'0008    0x4  Data  Gb  main.o [1]
u16c                    0x2000'000c    0x2  Data  Gb  main.o [1]
u16d                    0x2000'000e    0x2  Data  Gb  main.o [1]
u32e                    0x2000'0000    0x4  Data  Gb  main.o [1]
u32f                    0x2000'0004    0x4  Data  Gb  main.o [1]
u8a                     0x2000'0010    0x1  Data  Gb  main.o [1]
u8b                     0x2000'0011    0x1  Data  Gb  main.o [1]


[1] = D:\source\repos\Embedded\embedded_programming\Lesson11\Debug\Obj
[2] = dl7M_tln.a
[3] = m7M_tls.a
[4] = rt7M_tl.a
[5] = shb_l.a

    586 bytes of readonly  code memory
     18 bytes of readonly  data memory
  1'042 bytes of readwrite data memory

Errors: none
Warnings: none
